// Jest Snapshot v1, https://goo.gl/fbAQLP

exports[`Index Page renders correctly 1`] = `
<div>
  <h1
    class="chakra-heading css-kbn7if"
  />
</div>
`;
